[0.214s] DEBUG:colcon:Command line arguments: ['/usr/bin/colcon', 'build']
[0.214s] DEBUG:colcon:Parsed command line arguments: Namespace(log_base=None, log_level=None, verb_name='build', build_base='build', install_base='install', merge_install=False, symlink_install=False, test_result_base=None, continue_on_error=False, executor='parallel', parallel_workers=8, event_handlers=None, ignore_user_meta=False, metas=['./colcon.meta'], base_paths=['.'], packages_ignore=None, packages_ignore_regex=None, paths=None, packages_up_to=None, packages_up_to_regex=None, packages_above=None, packages_above_and_dependencies=None, packages_above_depth=None, packages_select_by_dep=None, packages_skip_by_dep=None, packages_skip_up_to=None, packages_select_build_failed=False, packages_skip_build_finished=False, packages_select_test_failures=False, packages_skip_test_passed=False, packages_select=None, packages_skip=None, packages_select_regex=None, packages_skip_regex=None, packages_start=None, packages_end=None, allow_overriding=[], cmake_args=None, cmake_target=None, cmake_target_skip_unavailable=False, cmake_clean_cache=False, cmake_clean_first=False, cmake_force_configure=False, ament_cmake_args=None, catkin_cmake_args=None, catkin_skip_building_tests=False, verb_parser=<colcon_defaults.argument_parser.defaults.DefaultArgumentsDecorator object at 0x7b081095da20>, verb_extension=<colcon_core.verb.build.BuildVerb object at 0x7b0810a56ef0>, main=<bound method BuildVerb.main of <colcon_core.verb.build.BuildVerb object at 0x7b0810a56ef0>>)
[0.578s] Level 1:colcon.colcon_core.package_discovery:discover_packages(colcon_meta) check parameters
[0.578s] Level 1:colcon.colcon_core.package_discovery:discover_packages(recursive) check parameters
[0.578s] Level 1:colcon.colcon_core.package_discovery:discover_packages(ignore) check parameters
[0.578s] Level 1:colcon.colcon_core.package_discovery:discover_packages(path) check parameters
[0.578s] Level 1:colcon.colcon_core.package_discovery:discover_packages(colcon_meta) discover
[0.578s] Level 1:colcon.colcon_core.package_discovery:discover_packages(recursive) discover
[0.578s] INFO:colcon.colcon_core.package_discovery:Crawling recursively for packages in '/home/wzq/MyProject/realtime_image_service/ros2_ws'
[0.578s] Level 1:colcon.colcon_core.package_identification:_identify(.) by extensions ['ignore', 'ignore_ament_install']
[0.579s] Level 1:colcon.colcon_core.package_identification:_identify(.) by extension 'ignore'
[0.579s] Level 1:colcon.colcon_core.package_identification:_identify(.) by extension 'ignore_ament_install'
[0.579s] Level 1:colcon.colcon_core.package_identification:_identify(.) by extensions ['colcon_pkg']
[0.579s] Level 1:colcon.colcon_core.package_identification:_identify(.) by extension 'colcon_pkg'
[0.579s] Level 1:colcon.colcon_core.package_identification:_identify(.) by extensions ['colcon_meta']
[0.579s] Level 1:colcon.colcon_core.package_identification:_identify(.) by extension 'colcon_meta'
[0.579s] Level 1:colcon.colcon_core.package_identification:_identify(.) by extensions ['ros']
[0.579s] Level 1:colcon.colcon_core.package_identification:_identify(.) by extension 'ros'
[0.599s] Level 1:colcon.colcon_core.package_identification:_identify(.) by extensions ['cmake', 'python']
[0.599s] Level 1:colcon.colcon_core.package_identification:_identify(.) by extension 'cmake'
[0.599s] Level 1:colcon.colcon_core.package_identification:_identify(.) by extension 'python'
[0.599s] Level 1:colcon.colcon_core.package_identification:_identify(.) by extensions ['python_setup_py']
[0.599s] Level 1:colcon.colcon_core.package_identification:_identify(.) by extension 'python_setup_py'
[0.600s] Level 1:colcon.colcon_core.package_identification:_identify(build) by extensions ['ignore', 'ignore_ament_install']
[0.600s] Level 1:colcon.colcon_core.package_identification:_identify(build) by extension 'ignore'
[0.600s] Level 1:colcon.colcon_core.package_identification:_identify(build) ignored
[0.600s] Level 1:colcon.colcon_core.package_identification:_identify(install) by extensions ['ignore', 'ignore_ament_install']
[0.600s] Level 1:colcon.colcon_core.package_identification:_identify(install) by extension 'ignore'
[0.600s] Level 1:colcon.colcon_core.package_identification:_identify(install) ignored
[0.600s] Level 1:colcon.colcon_core.package_identification:_identify(log) by extensions ['ignore', 'ignore_ament_install']
[0.600s] Level 1:colcon.colcon_core.package_identification:_identify(log) by extension 'ignore'
[0.600s] Level 1:colcon.colcon_core.package_identification:_identify(log) ignored
[0.600s] Level 1:colcon.colcon_core.package_identification:_identify(src) by extensions ['ignore', 'ignore_ament_install']
[0.600s] Level 1:colcon.colcon_core.package_identification:_identify(src) by extension 'ignore'
[0.600s] Level 1:colcon.colcon_core.package_identification:_identify(src) by extension 'ignore_ament_install'
[0.601s] Level 1:colcon.colcon_core.package_identification:_identify(src) by extensions ['colcon_pkg']
[0.601s] Level 1:colcon.colcon_core.package_identification:_identify(src) by extension 'colcon_pkg'
[0.601s] Level 1:colcon.colcon_core.package_identification:_identify(src) by extensions ['colcon_meta']
[0.601s] Level 1:colcon.colcon_core.package_identification:_identify(src) by extension 'colcon_meta'
[0.601s] Level 1:colcon.colcon_core.package_identification:_identify(src) by extensions ['ros']
[0.601s] Level 1:colcon.colcon_core.package_identification:_identify(src) by extension 'ros'
[0.601s] Level 1:colcon.colcon_core.package_identification:_identify(src) by extensions ['cmake', 'python']
[0.601s] Level 1:colcon.colcon_core.package_identification:_identify(src) by extension 'cmake'
[0.601s] Level 1:colcon.colcon_core.package_identification:_identify(src) by extension 'python'
[0.601s] Level 1:colcon.colcon_core.package_identification:_identify(src) by extensions ['python_setup_py']
[0.601s] Level 1:colcon.colcon_core.package_identification:_identify(src) by extension 'python_setup_py'
[0.601s] Level 1:colcon.colcon_core.package_identification:_identify(src/image_publisher_pkg) by extensions ['ignore', 'ignore_ament_install']
[0.601s] Level 1:colcon.colcon_core.package_identification:_identify(src/image_publisher_pkg) by extension 'ignore'
[0.601s] Level 1:colcon.colcon_core.package_identification:_identify(src/image_publisher_pkg) by extension 'ignore_ament_install'
[0.601s] Level 1:colcon.colcon_core.package_identification:_identify(src/image_publisher_pkg) by extensions ['colcon_pkg']
[0.601s] Level 1:colcon.colcon_core.package_identification:_identify(src/image_publisher_pkg) by extension 'colcon_pkg'
[0.601s] Level 1:colcon.colcon_core.package_identification:_identify(src/image_publisher_pkg) by extensions ['colcon_meta']
[0.601s] Level 1:colcon.colcon_core.package_identification:_identify(src/image_publisher_pkg) by extension 'colcon_meta'
[0.601s] Level 1:colcon.colcon_core.package_identification:_identify(src/image_publisher_pkg) by extensions ['ros']
[0.601s] Level 1:colcon.colcon_core.package_identification:_identify(src/image_publisher_pkg) by extension 'ros'
[0.606s] DEBUG:colcon.colcon_core.package_identification:Package 'src/image_publisher_pkg' with type 'ros.ament_cmake' and name 'image_publisher_pkg'
[0.607s] Level 1:colcon.colcon_core.package_discovery:discover_packages(recursive) using defaults
[0.607s] Level 1:colcon.colcon_core.package_discovery:discover_packages(ignore) discover
[0.607s] Level 1:colcon.colcon_core.package_discovery:discover_packages(ignore) using defaults
[0.607s] Level 1:colcon.colcon_core.package_discovery:discover_packages(path) discover
[0.607s] Level 1:colcon.colcon_core.package_discovery:discover_packages(path) using defaults
[0.652s] Level 1:colcon.colcon_core.package_discovery:discover_packages(prefix_path) check parameters
[0.652s] Level 1:colcon.colcon_core.package_discovery:discover_packages(prefix_path) discover
[0.657s] DEBUG:colcon.colcon_installed_package_information.package_discovery:Found 530 installed packages in /opt/ros/humble
[0.659s] Level 1:colcon.colcon_core.package_discovery:discover_packages(prefix_path) using defaults
[0.719s] Level 5:colcon.colcon_core.verb:set package 'image_publisher_pkg' build argument 'cmake_args' from command line to 'None'
[0.720s] Level 5:colcon.colcon_core.verb:set package 'image_publisher_pkg' build argument 'cmake_target' from command line to 'None'
[0.720s] Level 5:colcon.colcon_core.verb:set package 'image_publisher_pkg' build argument 'cmake_target_skip_unavailable' from command line to 'False'
[0.720s] Level 5:colcon.colcon_core.verb:set package 'image_publisher_pkg' build argument 'cmake_clean_cache' from command line to 'False'
[0.720s] Level 5:colcon.colcon_core.verb:set package 'image_publisher_pkg' build argument 'cmake_clean_first' from command line to 'False'
[0.720s] Level 5:colcon.colcon_core.verb:set package 'image_publisher_pkg' build argument 'cmake_force_configure' from command line to 'False'
[0.720s] Level 5:colcon.colcon_core.verb:set package 'image_publisher_pkg' build argument 'ament_cmake_args' from command line to 'None'
[0.720s] Level 5:colcon.colcon_core.verb:set package 'image_publisher_pkg' build argument 'catkin_cmake_args' from command line to 'None'
[0.720s] Level 5:colcon.colcon_core.verb:set package 'image_publisher_pkg' build argument 'catkin_skip_building_tests' from command line to 'False'
[0.720s] DEBUG:colcon.colcon_core.verb:Building package 'image_publisher_pkg' with the following arguments: {'ament_cmake_args': None, 'build_base': '/home/wzq/MyProject/realtime_image_service/ros2_ws/build/image_publisher_pkg', 'catkin_cmake_args': None, 'catkin_skip_building_tests': False, 'cmake_args': None, 'cmake_clean_cache': False, 'cmake_clean_first': False, 'cmake_force_configure': False, 'cmake_target': None, 'cmake_target_skip_unavailable': False, 'install_base': '/home/wzq/MyProject/realtime_image_service/ros2_ws/install/image_publisher_pkg', 'merge_install': False, 'path': '/home/wzq/MyProject/realtime_image_service/ros2_ws/src/image_publisher_pkg', 'symlink_install': False, 'test_result_base': None}
[0.720s] INFO:colcon.colcon_core.executor:Executing jobs using 'parallel' executor
[0.721s] DEBUG:colcon.colcon_parallel_executor.executor.parallel:run_until_complete
[0.721s] INFO:colcon.colcon_ros.task.ament_cmake.build:Building ROS package in '/home/wzq/MyProject/realtime_image_service/ros2_ws/src/image_publisher_pkg' with build type 'ament_cmake'
[0.721s] INFO:colcon.colcon_cmake.task.cmake.build:Building CMake package in '/home/wzq/MyProject/realtime_image_service/ros2_ws/src/image_publisher_pkg'
[0.728s] INFO:colcon.colcon_core.plugin_system:Skipping extension 'colcon_core.shell.bat': Not used on non-Windows systems
[0.728s] INFO:colcon.colcon_core.shell:Skip shell extension 'powershell' for command environment: Not usable outside of PowerShell
[0.728s] DEBUG:colcon.colcon_core.shell:Skip shell extension 'dsv' for command environment
[0.736s] DEBUG:colcon.colcon_core.event_handler.log_command:Invoking command in '/home/wzq/MyProject/realtime_image_service/ros2_ws/build/image_publisher_pkg': CMAKE_PREFIX_PATH=/opt/ros/humble /opt/cmake-3.27.9/bin/cmake /home/wzq/MyProject/realtime_image_service/ros2_ws/src/image_publisher_pkg -DCMAKE_INSTALL_PREFIX=/home/wzq/MyProject/realtime_image_service/ros2_ws/install/image_publisher_pkg
[1.632s] DEBUG:colcon.colcon_core.event_handler.log_command:Invoked command in '/home/wzq/MyProject/realtime_image_service/ros2_ws/build/image_publisher_pkg' returned '0': CMAKE_PREFIX_PATH=/opt/ros/humble /opt/cmake-3.27.9/bin/cmake /home/wzq/MyProject/realtime_image_service/ros2_ws/src/image_publisher_pkg -DCMAKE_INSTALL_PREFIX=/home/wzq/MyProject/realtime_image_service/ros2_ws/install/image_publisher_pkg
[1.632s] DEBUG:colcon.colcon_core.event_handler.log_command:Invoking command in '/home/wzq/MyProject/realtime_image_service/ros2_ws/build/image_publisher_pkg': CMAKE_PREFIX_PATH=/opt/ros/humble /opt/cmake-3.27.9/bin/cmake --build /home/wzq/MyProject/realtime_image_service/ros2_ws/build/image_publisher_pkg -- -j8 -l8
[9.469s] DEBUG:colcon.colcon_core.event_handler.log_command:Invoked command in '/home/wzq/MyProject/realtime_image_service/ros2_ws/build/image_publisher_pkg' returned '0': CMAKE_PREFIX_PATH=/opt/ros/humble /opt/cmake-3.27.9/bin/cmake --build /home/wzq/MyProject/realtime_image_service/ros2_ws/build/image_publisher_pkg -- -j8 -l8
[9.475s] DEBUG:colcon.colcon_core.event_handler.log_command:Invoking command in '/home/wzq/MyProject/realtime_image_service/ros2_ws/build/image_publisher_pkg': CMAKE_PREFIX_PATH=/opt/ros/humble /opt/cmake-3.27.9/bin/cmake --install /home/wzq/MyProject/realtime_image_service/ros2_ws/build/image_publisher_pkg
[9.481s] Level 1:colcon.colcon_core.environment:create_environment_scripts_only(image_publisher_pkg)
[9.482s] DEBUG:colcon.colcon_core.event_handler.log_command:Invoked command in '/home/wzq/MyProject/realtime_image_service/ros2_ws/build/image_publisher_pkg' returned '0': CMAKE_PREFIX_PATH=/opt/ros/humble /opt/cmake-3.27.9/bin/cmake --install /home/wzq/MyProject/realtime_image_service/ros2_ws/build/image_publisher_pkg
[9.488s] Level 1:colcon.colcon_core.environment:checking '/home/wzq/MyProject/realtime_image_service/ros2_ws/install/image_publisher_pkg' for CMake module files
[9.488s] Level 1:colcon.colcon_core.environment:checking '/home/wzq/MyProject/realtime_image_service/ros2_ws/install/image_publisher_pkg' for CMake config files
[9.488s] Level 1:colcon.colcon_core.shell:create_environment_hook('image_publisher_pkg', 'cmake_prefix_path')
[9.489s] INFO:colcon.colcon_core.shell:Creating environment hook '/home/wzq/MyProject/realtime_image_service/ros2_ws/install/image_publisher_pkg/share/image_publisher_pkg/hook/cmake_prefix_path.ps1'
[9.490s] INFO:colcon.colcon_core.shell:Creating environment descriptor '/home/wzq/MyProject/realtime_image_service/ros2_ws/install/image_publisher_pkg/share/image_publisher_pkg/hook/cmake_prefix_path.dsv'
[9.490s] INFO:colcon.colcon_core.shell:Creating environment hook '/home/wzq/MyProject/realtime_image_service/ros2_ws/install/image_publisher_pkg/share/image_publisher_pkg/hook/cmake_prefix_path.sh'
[9.491s] Level 1:colcon.colcon_core.environment:checking '/home/wzq/MyProject/realtime_image_service/ros2_ws/install/image_publisher_pkg/lib'
[9.491s] Level 1:colcon.colcon_core.environment:checking '/home/wzq/MyProject/realtime_image_service/ros2_ws/install/image_publisher_pkg/bin'
[9.491s] Level 1:colcon.colcon_core.environment:checking '/home/wzq/MyProject/realtime_image_service/ros2_ws/install/image_publisher_pkg/lib/pkgconfig/image_publisher_pkg.pc'
[9.492s] Level 1:colcon.colcon_core.environment:checking '/home/wzq/MyProject/realtime_image_service/ros2_ws/install/image_publisher_pkg/lib/python3.10/site-packages'
[9.492s] Level 1:colcon.colcon_core.environment:checking '/home/wzq/MyProject/realtime_image_service/ros2_ws/install/image_publisher_pkg/bin'
[9.492s] INFO:colcon.colcon_core.shell:Creating package script '/home/wzq/MyProject/realtime_image_service/ros2_ws/install/image_publisher_pkg/share/image_publisher_pkg/package.ps1'
[9.493s] INFO:colcon.colcon_core.shell:Creating package descriptor '/home/wzq/MyProject/realtime_image_service/ros2_ws/install/image_publisher_pkg/share/image_publisher_pkg/package.dsv'
[9.493s] INFO:colcon.colcon_core.shell:Creating package script '/home/wzq/MyProject/realtime_image_service/ros2_ws/install/image_publisher_pkg/share/image_publisher_pkg/package.sh'
[9.494s] INFO:colcon.colcon_core.shell:Creating package script '/home/wzq/MyProject/realtime_image_service/ros2_ws/install/image_publisher_pkg/share/image_publisher_pkg/package.bash'
[9.494s] INFO:colcon.colcon_core.shell:Creating package script '/home/wzq/MyProject/realtime_image_service/ros2_ws/install/image_publisher_pkg/share/image_publisher_pkg/package.zsh'
[9.495s] Level 1:colcon.colcon_core.environment:create_file_with_runtime_dependencies(/home/wzq/MyProject/realtime_image_service/ros2_ws/install/image_publisher_pkg/share/colcon-core/packages/image_publisher_pkg)
[9.496s] Level 1:colcon.colcon_core.environment:create_environment_scripts_only(image_publisher_pkg)
[9.496s] Level 1:colcon.colcon_core.environment:checking '/home/wzq/MyProject/realtime_image_service/ros2_ws/install/image_publisher_pkg' for CMake module files
[9.496s] Level 1:colcon.colcon_core.environment:checking '/home/wzq/MyProject/realtime_image_service/ros2_ws/install/image_publisher_pkg' for CMake config files
[9.496s] Level 1:colcon.colcon_core.shell:create_environment_hook('image_publisher_pkg', 'cmake_prefix_path')
[9.496s] INFO:colcon.colcon_core.shell:Creating environment hook '/home/wzq/MyProject/realtime_image_service/ros2_ws/install/image_publisher_pkg/share/image_publisher_pkg/hook/cmake_prefix_path.ps1'
[9.497s] INFO:colcon.colcon_core.shell:Creating environment descriptor '/home/wzq/MyProject/realtime_image_service/ros2_ws/install/image_publisher_pkg/share/image_publisher_pkg/hook/cmake_prefix_path.dsv'
[9.497s] INFO:colcon.colcon_core.shell:Creating environment hook '/home/wzq/MyProject/realtime_image_service/ros2_ws/install/image_publisher_pkg/share/image_publisher_pkg/hook/cmake_prefix_path.sh'
[9.497s] Level 1:colcon.colcon_core.environment:checking '/home/wzq/MyProject/realtime_image_service/ros2_ws/install/image_publisher_pkg/lib'
[9.497s] Level 1:colcon.colcon_core.environment:checking '/home/wzq/MyProject/realtime_image_service/ros2_ws/install/image_publisher_pkg/bin'
[9.497s] Level 1:colcon.colcon_core.environment:checking '/home/wzq/MyProject/realtime_image_service/ros2_ws/install/image_publisher_pkg/lib/pkgconfig/image_publisher_pkg.pc'
[9.498s] Level 1:colcon.colcon_core.environment:checking '/home/wzq/MyProject/realtime_image_service/ros2_ws/install/image_publisher_pkg/lib/python3.10/site-packages'
[9.498s] Level 1:colcon.colcon_core.environment:checking '/home/wzq/MyProject/realtime_image_service/ros2_ws/install/image_publisher_pkg/bin'
[9.498s] INFO:colcon.colcon_core.shell:Creating package script '/home/wzq/MyProject/realtime_image_service/ros2_ws/install/image_publisher_pkg/share/image_publisher_pkg/package.ps1'
[9.498s] INFO:colcon.colcon_core.shell:Creating package descriptor '/home/wzq/MyProject/realtime_image_service/ros2_ws/install/image_publisher_pkg/share/image_publisher_pkg/package.dsv'
[9.499s] INFO:colcon.colcon_core.shell:Creating package script '/home/wzq/MyProject/realtime_image_service/ros2_ws/install/image_publisher_pkg/share/image_publisher_pkg/package.sh'
[9.499s] INFO:colcon.colcon_core.shell:Creating package script '/home/wzq/MyProject/realtime_image_service/ros2_ws/install/image_publisher_pkg/share/image_publisher_pkg/package.bash'
[9.499s] INFO:colcon.colcon_core.shell:Creating package script '/home/wzq/MyProject/realtime_image_service/ros2_ws/install/image_publisher_pkg/share/image_publisher_pkg/package.zsh'
[9.500s] Level 1:colcon.colcon_core.environment:create_file_with_runtime_dependencies(/home/wzq/MyProject/realtime_image_service/ros2_ws/install/image_publisher_pkg/share/colcon-core/packages/image_publisher_pkg)
[9.500s] DEBUG:colcon.colcon_parallel_executor.executor.parallel:closing loop
[9.500s] DEBUG:colcon.colcon_parallel_executor.executor.parallel:loop closed
[9.500s] DEBUG:colcon.colcon_parallel_executor.executor.parallel:run_until_complete finished with '0'
[9.501s] DEBUG:colcon.colcon_core.event_reactor:joining thread
[9.609s] INFO:colcon.colcon_core.plugin_system:Skipping extension 'colcon_notification.desktop_notification.notify_send': Could not find 'notify-send'
[9.609s] INFO:colcon.colcon_core.plugin_system:Skipping extension 'colcon_notification.desktop_notification.terminal_notifier': Not used on non-Darwin systems
[9.609s] INFO:colcon.colcon_core.plugin_system:Skipping extension 'colcon_notification.desktop_notification.win32': Not used on non-Windows systems
[9.609s] INFO:colcon.colcon_notification.desktop_notification:Sending desktop notification using 'notify2'
[9.626s] DEBUG:colcon.colcon_notification.desktop_notification.notify2:Failed to initialize notify2: org.freedesktop.DBus.Error.ServiceUnknown: The name org.freedesktop.Notifications was not provided by any .service files
[9.627s] DEBUG:colcon.colcon_core.event_reactor:joined thread
[9.627s] INFO:colcon.colcon_core.shell:Creating prefix script '/home/wzq/MyProject/realtime_image_service/ros2_ws/install/local_setup.ps1'
[9.628s] INFO:colcon.colcon_core.shell:Creating prefix util module '/home/wzq/MyProject/realtime_image_service/ros2_ws/install/_local_setup_util_ps1.py'
[9.630s] INFO:colcon.colcon_core.shell:Creating prefix chain script '/home/wzq/MyProject/realtime_image_service/ros2_ws/install/setup.ps1'
[9.631s] INFO:colcon.colcon_core.shell:Creating prefix script '/home/wzq/MyProject/realtime_image_service/ros2_ws/install/local_setup.sh'
[9.631s] INFO:colcon.colcon_core.shell:Creating prefix util module '/home/wzq/MyProject/realtime_image_service/ros2_ws/install/_local_setup_util_sh.py'
[9.632s] INFO:colcon.colcon_core.shell:Creating prefix chain script '/home/wzq/MyProject/realtime_image_service/ros2_ws/install/setup.sh'
[9.633s] INFO:colcon.colcon_core.shell:Creating prefix script '/home/wzq/MyProject/realtime_image_service/ros2_ws/install/local_setup.bash'
[9.633s] INFO:colcon.colcon_core.shell:Creating prefix chain script '/home/wzq/MyProject/realtime_image_service/ros2_ws/install/setup.bash'
[9.634s] INFO:colcon.colcon_core.shell:Creating prefix script '/home/wzq/MyProject/realtime_image_service/ros2_ws/install/local_setup.zsh'
[9.635s] INFO:colcon.colcon_core.shell:Creating prefix chain script '/home/wzq/MyProject/realtime_image_service/ros2_ws/install/setup.zsh'
