[0.018s] Invoking command in '/home/wzq/MyProject/realtime_image_service/ros2_ws/build/image_publisher_pkg': CMAKE_PREFIX_PATH=/opt/ros/humble /opt/cmake-3.27.9/bin/cmake /home/wzq/MyProject/realtime_image_service/ros2_ws/src/image_publisher_pkg -DAMENT_CMAKE_SYMLINK_INSTALL=1 -DCMAKE_INSTALL_PREFIX=/home/wzq/MyProject/realtime_image_service/ros2_ws/install/image_publisher_pkg
[0.078s] -- Found ament_cmake: 1.3.12 (/opt/ros/humble/share/ament_cmake/cmake)
[0.248s] -- Override CMake install command with custom implementation using symlinks instead of copying resources
[0.277s] -- Found rclcpp: 16.0.17 (/opt/ros/humble/share/rclcpp/cmake)
[0.606s] -- Found rosidl_generator_c: 3.1.8 (/opt/ros/humble/share/rosidl_generator_c/cmake)
[0.610s] -- Found rosidl_adapter: 3.1.8 (/opt/ros/humble/share/rosidl_adapter/cmake)
[0.623s] -- Found rosidl_generator_cpp: 3.1.8 (/opt/ros/humble/share/rosidl_generator_cpp/cmake)
[0.640s] -- Using all available rosidl_typesupport_c: rosidl_typesupport_fastrtps_c;rosidl_typesupport_introspection_c
[0.662s] -- Using all available rosidl_typesupport_cpp: rosidl_typesupport_fastrtps_cpp;rosidl_typesupport_introspection_cpp
[0.717s] -- Found rmw_implementation_cmake: 6.1.2 (/opt/ros/humble/share/rmw_implementation_cmake/cmake)
[0.721s] -- Found rmw_cyclonedds_cpp: 1.3.4 (/opt/ros/humble/share/rmw_cyclonedds_cpp/cmake)
[0.755s] -- Using RMW implementation 'rmw_cyclonedds_cpp' as default
[0.835s] -- Found sensor_msgs: 4.9.0 (/opt/ros/humble/share/sensor_msgs/cmake)
[0.879s] -- Found cv_bridge: 3.2.1 (/opt/ros/humble/share/cv_bridge/cmake)
[0.891s] -- Found ament_lint_auto: 0.12.14 (/opt/ros/humble/share/ament_lint_auto/cmake)
[0.967s] -- Added test 'cppcheck' to perform static code analysis on C / C++ code
[0.967s] -- Configured cppcheck include dirs: /home/wzq/MyProject/realtime_image_service/ros2_ws/src/image_publisher_pkg/include;/home/wzq/MyProject/realtime_image_service/ros2_ws/src/image_publisher_pkg/../../../include
[0.967s] -- Configured cppcheck exclude dirs and/or files: 
[0.968s] -- Added test 'flake8' to check Python code syntax and style conventions
[0.969s] -- Added test 'lint_cmake' to check CMake code style
[0.969s] -- Added test 'pep257' to check Python code against some of the docstring style conventions in PEP 257
[0.970s] -- Added test 'uncrustify' to check C / C++ code style
[0.970s] -- Configured uncrustify additional arguments: 
[0.971s] -- Added test 'xmllint' to check XML markup files
[0.974s] -- Configuring done (0.9s)
[1.012s] -- Generating done (0.0s)
[1.020s] -- Build files have been written to: /home/wzq/MyProject/realtime_image_service/ros2_ws/build/image_publisher_pkg
[1.034s] Invoked command in '/home/wzq/MyProject/realtime_image_service/ros2_ws/build/image_publisher_pkg' returned '0': CMAKE_PREFIX_PATH=/opt/ros/humble /opt/cmake-3.27.9/bin/cmake /home/wzq/MyProject/realtime_image_service/ros2_ws/src/image_publisher_pkg -DAMENT_CMAKE_SYMLINK_INSTALL=1 -DCMAKE_INSTALL_PREFIX=/home/wzq/MyProject/realtime_image_service/ros2_ws/install/image_publisher_pkg
[1.034s] Invoking command in '/home/wzq/MyProject/realtime_image_service/ros2_ws/build/image_publisher_pkg': CMAKE_PREFIX_PATH=/opt/ros/humble /opt/cmake-3.27.9/bin/cmake --build /home/wzq/MyProject/realtime_image_service/ros2_ws/build/image_publisher_pkg -- -j8 -l8
[1.064s] [ 14%] [32m[1mLinking CXX executable image_file_publisher[0m
[1.068s] [ 28%] [32m[1mLinking CXX executable ros2_tcp_client_node[0m
[1.864s] [ 42%] Built target image_file_publisher
[1.942s] [100%] Built target ros2_tcp_client_node
[1.945s] Invoked command in '/home/wzq/MyProject/realtime_image_service/ros2_ws/build/image_publisher_pkg' returned '0': CMAKE_PREFIX_PATH=/opt/ros/humble /opt/cmake-3.27.9/bin/cmake --build /home/wzq/MyProject/realtime_image_service/ros2_ws/build/image_publisher_pkg -- -j8 -l8
[1.948s] Invoking command in '/home/wzq/MyProject/realtime_image_service/ros2_ws/build/image_publisher_pkg': CMAKE_PREFIX_PATH=/opt/ros/humble /opt/cmake-3.27.9/bin/cmake --install /home/wzq/MyProject/realtime_image_service/ros2_ws/build/image_publisher_pkg
[1.949s] -- Install configuration: ""
[1.949s] -- Execute custom install script
[1.949s] -- Symlinking: /home/wzq/MyProject/realtime_image_service/ros2_ws/install/image_publisher_pkg/lib/image_publisher_pkg/image_file_publisher
[1.951s] -- Symlinking: /home/wzq/MyProject/realtime_image_service/ros2_ws/install/image_publisher_pkg/lib/image_publisher_pkg/ros2_tcp_client_node
[1.953s] -- Symlinking: /home/wzq/MyProject/realtime_image_service/ros2_ws/install/image_publisher_pkg/share/image_publisher_pkg/launch/__pycache__/image_pipeline_launch.cpython-310.pyc
[1.956s] -- Symlinking: /home/wzq/MyProject/realtime_image_service/ros2_ws/install/image_publisher_pkg/share/image_publisher_pkg/launch/__pycache__/image_pipeline_launch.cpython-313.pyc
[1.957s] -- Symlinking: /home/wzq/MyProject/realtime_image_service/ros2_ws/install/image_publisher_pkg/share/image_publisher_pkg/launch/image_pipeline_launch.py
[1.959s] -- Symlinking: /home/wzq/MyProject/realtime_image_service/ros2_ws/install/image_publisher_pkg/share/ament_index/resource_index/package_run_dependencies/image_publisher_pkg
[1.961s] -- Symlinking: /home/wzq/MyProject/realtime_image_service/ros2_ws/install/image_publisher_pkg/share/ament_index/resource_index/parent_prefix_path/image_publisher_pkg
[1.962s] -- Symlinking: /home/wzq/MyProject/realtime_image_service/ros2_ws/install/image_publisher_pkg/share/image_publisher_pkg/environment/ament_prefix_path.sh
[1.964s] -- Symlinking: /home/wzq/MyProject/realtime_image_service/ros2_ws/install/image_publisher_pkg/share/image_publisher_pkg/environment/ament_prefix_path.dsv
[1.965s] -- Symlinking: /home/wzq/MyProject/realtime_image_service/ros2_ws/install/image_publisher_pkg/share/image_publisher_pkg/environment/path.sh
[1.967s] -- Symlinking: /home/wzq/MyProject/realtime_image_service/ros2_ws/install/image_publisher_pkg/share/image_publisher_pkg/environment/path.dsv
[1.968s] -- Symlinking: /home/wzq/MyProject/realtime_image_service/ros2_ws/install/image_publisher_pkg/share/image_publisher_pkg/local_setup.bash
[1.969s] -- Symlinking: /home/wzq/MyProject/realtime_image_service/ros2_ws/install/image_publisher_pkg/share/image_publisher_pkg/local_setup.sh
[1.971s] -- Symlinking: /home/wzq/MyProject/realtime_image_service/ros2_ws/install/image_publisher_pkg/share/image_publisher_pkg/local_setup.zsh
[1.973s] -- Symlinking: /home/wzq/MyProject/realtime_image_service/ros2_ws/install/image_publisher_pkg/share/image_publisher_pkg/local_setup.dsv
[1.974s] -- Symlinking: /home/wzq/MyProject/realtime_image_service/ros2_ws/install/image_publisher_pkg/share/image_publisher_pkg/package.dsv
[1.976s] -- Symlinking: /home/wzq/MyProject/realtime_image_service/ros2_ws/install/image_publisher_pkg/share/ament_index/resource_index/packages/image_publisher_pkg
[1.977s] -- Symlinking: /home/wzq/MyProject/realtime_image_service/ros2_ws/install/image_publisher_pkg/share/image_publisher_pkg/cmake/image_publisher_pkgConfig.cmake
[1.978s] -- Symlinking: /home/wzq/MyProject/realtime_image_service/ros2_ws/install/image_publisher_pkg/share/image_publisher_pkg/cmake/image_publisher_pkgConfig-version.cmake
[1.980s] -- Symlinking: /home/wzq/MyProject/realtime_image_service/ros2_ws/install/image_publisher_pkg/share/image_publisher_pkg/package.xml
[1.983s] Invoked command in '/home/wzq/MyProject/realtime_image_service/ros2_ws/build/image_publisher_pkg' returned '0': CMAKE_PREFIX_PATH=/opt/ros/humble /opt/cmake-3.27.9/bin/cmake --install /home/wzq/MyProject/realtime_image_service/ros2_ws/build/image_publisher_pkg
