[0.011s] Invoking command in '/home/wzq/MyProject/realtime_image_service/ros2_ws/build/image_publisher_pkg': CMAKE_PREFIX_PATH=${CMAKE_PREFIX_PATH}:/opt/ros/humble CONDA_PROMPT_MODIFIER=(base) /opt/cmake-3.27.9/bin/cmake /home/wzq/MyProject/realtime_image_service/ros2_ws/src/image_publisher_pkg -DAMENT_CMAKE_SYMLINK_INSTALL=1 -DCMAKE_INSTALL_PREFIX=/home/wzq/MyProject/realtime_image_service/ros2_ws/install/image_publisher_pkg
[0.016s] -- Found ament_cmake: 1.3.12 (/opt/ros/humble/share/ament_cmake/cmake)
[0.144s] -- Override CMake install command with custom implementation using symlinks instead of copying resources
[0.150s] -- Found rclcpp: 16.0.17 (/opt/ros/humble/share/rclcpp/cmake)
[0.296s] -- Found rosidl_generator_c: 3.1.8 (/opt/ros/humble/share/rosidl_generator_c/cmake)
[0.298s] -- Found rosidl_adapter: 3.1.8 (/opt/ros/humble/share/rosidl_adapter/cmake)
[0.302s] -- Found rosidl_generator_cpp: 3.1.8 (/opt/ros/humble/share/rosidl_generator_cpp/cmake)
[0.312s] -- Using all available rosidl_typesupport_c: rosidl_typesupport_fastrtps_c;rosidl_typesupport_introspection_c
[0.321s] -- Using all available rosidl_typesupport_cpp: rosidl_typesupport_fastrtps_cpp;rosidl_typesupport_introspection_cpp
[0.348s] -- Found rmw_implementation_cmake: 6.1.2 (/opt/ros/humble/share/rmw_implementation_cmake/cmake)
[0.350s] -- Found rmw_cyclonedds_cpp: 1.3.4 (/opt/ros/humble/share/rmw_cyclonedds_cpp/cmake)
[0.365s] -- Using RMW implementation 'rmw_cyclonedds_cpp' as default
[0.410s] -- Found sensor_msgs: 4.9.0 (/opt/ros/humble/share/sensor_msgs/cmake)
[0.438s] -- Found cv_bridge: 3.2.1 (/opt/ros/humble/share/cv_bridge/cmake)
[0.445s] -- Found ament_lint_auto: 0.12.14 (/opt/ros/humble/share/ament_lint_auto/cmake)
[0.500s] -- Added test 'cppcheck' to perform static code analysis on C / C++ code
[0.500s] -- Configured cppcheck include dirs: /home/wzq/MyProject/realtime_image_service/ros2_ws/src/image_publisher_pkg/include;/home/wzq/MyProject/realtime_image_service/ros2_ws/src/image_publisher_pkg/../../../include
[0.501s] -- Configured cppcheck exclude dirs and/or files: 
[0.501s] -- Added test 'flake8' to check Python code syntax and style conventions
[0.501s] -- Added test 'lint_cmake' to check CMake code style
[0.501s] -- Added test 'pep257' to check Python code against some of the docstring style conventions in PEP 257
[0.502s] -- Added test 'uncrustify' to check C / C++ code style
[0.502s] -- Configured uncrustify additional arguments: 
[0.502s] -- Added test 'xmllint' to check XML markup files
[0.503s] -- Configuring done (0.5s)
[0.517s] -- Generating done (0.0s)
[0.521s] -- Build files have been written to: /home/wzq/MyProject/realtime_image_service/ros2_ws/build/image_publisher_pkg
[0.525s] Invoked command in '/home/wzq/MyProject/realtime_image_service/ros2_ws/build/image_publisher_pkg' returned '0': CMAKE_PREFIX_PATH=${CMAKE_PREFIX_PATH}:/opt/ros/humble CONDA_PROMPT_MODIFIER=(base) /opt/cmake-3.27.9/bin/cmake /home/wzq/MyProject/realtime_image_service/ros2_ws/src/image_publisher_pkg -DAMENT_CMAKE_SYMLINK_INSTALL=1 -DCMAKE_INSTALL_PREFIX=/home/wzq/MyProject/realtime_image_service/ros2_ws/install/image_publisher_pkg
[0.527s] Invoking command in '/home/wzq/MyProject/realtime_image_service/ros2_ws/build/image_publisher_pkg': CMAKE_PREFIX_PATH=${CMAKE_PREFIX_PATH}:/opt/ros/humble CONDA_PROMPT_MODIFIER=(base) /opt/cmake-3.27.9/bin/cmake --build /home/wzq/MyProject/realtime_image_service/ros2_ws/build/image_publisher_pkg -- -j8 -l8
[0.547s] [ 28%] Built target image_file_publisher
[0.550s] [ 42%] [32mBuilding CXX object CMakeFiles/ros2_tcp_client_node.dir/src/ros2_tcp_client_node.cpp.o[0m
[7.003s] [ 57%] [32m[1mLinking CXX executable ros2_tcp_client_node[0m
[7.512s] [100%] Built target ros2_tcp_client_node
[7.516s] Invoked command in '/home/wzq/MyProject/realtime_image_service/ros2_ws/build/image_publisher_pkg' returned '0': CMAKE_PREFIX_PATH=${CMAKE_PREFIX_PATH}:/opt/ros/humble CONDA_PROMPT_MODIFIER=(base) /opt/cmake-3.27.9/bin/cmake --build /home/wzq/MyProject/realtime_image_service/ros2_ws/build/image_publisher_pkg -- -j8 -l8
[7.520s] Invoking command in '/home/wzq/MyProject/realtime_image_service/ros2_ws/build/image_publisher_pkg': CMAKE_PREFIX_PATH=${CMAKE_PREFIX_PATH}:/opt/ros/humble CONDA_PROMPT_MODIFIER=(base) /opt/cmake-3.27.9/bin/cmake --install /home/wzq/MyProject/realtime_image_service/ros2_ws/build/image_publisher_pkg
[7.520s] -- Install configuration: ""
[7.521s] -- Execute custom install script
[7.521s] -- Up-to-date symlink: /home/wzq/MyProject/realtime_image_service/ros2_ws/install/image_publisher_pkg/lib/image_publisher_pkg/image_file_publisher
[7.521s] -- Up-to-date symlink: /home/wzq/MyProject/realtime_image_service/ros2_ws/install/image_publisher_pkg/lib/image_publisher_pkg/ros2_tcp_client_node
[7.521s] -- Up-to-date symlink: /home/wzq/MyProject/realtime_image_service/ros2_ws/install/image_publisher_pkg/share/image_publisher_pkg/launch/__pycache__/image_pipeline_launch.cpython-310.pyc
[7.521s] -- Up-to-date symlink: /home/wzq/MyProject/realtime_image_service/ros2_ws/install/image_publisher_pkg/share/image_publisher_pkg/launch/__pycache__/image_pipeline_launch.cpython-313.pyc
[7.521s] -- Up-to-date symlink: /home/wzq/MyProject/realtime_image_service/ros2_ws/install/image_publisher_pkg/share/image_publisher_pkg/launch/image_pipeline_launch.py
[7.522s] -- Up-to-date symlink: /home/wzq/MyProject/realtime_image_service/ros2_ws/install/image_publisher_pkg/share/ament_index/resource_index/package_run_dependencies/image_publisher_pkg
[7.522s] -- Up-to-date symlink: /home/wzq/MyProject/realtime_image_service/ros2_ws/install/image_publisher_pkg/share/ament_index/resource_index/parent_prefix_path/image_publisher_pkg
[7.522s] -- Up-to-date symlink: /home/wzq/MyProject/realtime_image_service/ros2_ws/install/image_publisher_pkg/share/image_publisher_pkg/environment/ament_prefix_path.sh
[7.522s] -- Up-to-date symlink: /home/wzq/MyProject/realtime_image_service/ros2_ws/install/image_publisher_pkg/share/image_publisher_pkg/environment/ament_prefix_path.dsv
[7.522s] -- Up-to-date symlink: /home/wzq/MyProject/realtime_image_service/ros2_ws/install/image_publisher_pkg/share/image_publisher_pkg/environment/path.sh
[7.522s] -- Up-to-date symlink: /home/wzq/MyProject/realtime_image_service/ros2_ws/install/image_publisher_pkg/share/image_publisher_pkg/environment/path.dsv
[7.522s] -- Up-to-date symlink: /home/wzq/MyProject/realtime_image_service/ros2_ws/install/image_publisher_pkg/share/image_publisher_pkg/local_setup.bash
[7.522s] -- Up-to-date symlink: /home/wzq/MyProject/realtime_image_service/ros2_ws/install/image_publisher_pkg/share/image_publisher_pkg/local_setup.sh
[7.522s] -- Up-to-date symlink: /home/wzq/MyProject/realtime_image_service/ros2_ws/install/image_publisher_pkg/share/image_publisher_pkg/local_setup.zsh
[7.522s] -- Up-to-date symlink: /home/wzq/MyProject/realtime_image_service/ros2_ws/install/image_publisher_pkg/share/image_publisher_pkg/local_setup.dsv
[7.523s] -- Symlinking: /home/wzq/MyProject/realtime_image_service/ros2_ws/install/image_publisher_pkg/share/image_publisher_pkg/package.dsv
[7.525s] -- Up-to-date symlink: /home/wzq/MyProject/realtime_image_service/ros2_ws/install/image_publisher_pkg/share/ament_index/resource_index/packages/image_publisher_pkg
[7.525s] -- Up-to-date symlink: /home/wzq/MyProject/realtime_image_service/ros2_ws/install/image_publisher_pkg/share/image_publisher_pkg/cmake/image_publisher_pkgConfig.cmake
[7.525s] -- Up-to-date symlink: /home/wzq/MyProject/realtime_image_service/ros2_ws/install/image_publisher_pkg/share/image_publisher_pkg/cmake/image_publisher_pkgConfig-version.cmake
[7.525s] -- Up-to-date symlink: /home/wzq/MyProject/realtime_image_service/ros2_ws/install/image_publisher_pkg/share/image_publisher_pkg/package.xml
[7.527s] Invoked command in '/home/wzq/MyProject/realtime_image_service/ros2_ws/build/image_publisher_pkg' returned '0': CMAKE_PREFIX_PATH=${CMAKE_PREFIX_PATH}:/opt/ros/humble CONDA_PROMPT_MODIFIER=(base) /opt/cmake-3.27.9/bin/cmake --install /home/wzq/MyProject/realtime_image_service/ros2_ws/build/image_publisher_pkg
