-- The C compiler identification is GNU 11.4.0
-- The CXX compiler identification is GNU 11.4.0
-- Detecting C compiler ABI info
-- Detecting C compiler ABI info - done
-- Check for working C compiler: /usr/bin/cc - skipped
-- Detecting C compile features
-- Detecting C compile features - done
-- Detecting CXX compiler ABI info
-- Detecting CXX compiler ABI info - done
-- Check for working CXX compiler: /usr/bin/c++ - skipped
-- Detecting CXX compile features
-- Detecting CXX compile features - done
-- Found ament_cmake: 1.3.12 (/opt/ros/humble/share/ament_cmake/cmake)
-- Found Python3: /usr/bin/python3 (found version "3.10.12") found components: Interpreter 
-- Override CMake install command with custom implementation using symlinks instead of copying resources
-- Found rclcpp: 16.0.17 (/opt/ros/humble/share/rclcpp/cmake)
-- Found rosidl_generator_c: 3.1.8 (/opt/ros/humble/share/rosidl_generator_c/cmake)
-- Found rosidl_adapter: 3.1.8 (/opt/ros/humble/share/rosidl_adapter/cmake)
-- Found rosidl_generator_cpp: 3.1.8 (/opt/ros/humble/share/rosidl_generator_cpp/cmake)
-- Using all available rosidl_typesupport_c: rosidl_typesupport_fastrtps_c;rosidl_typesupport_introspection_c
-- Using all available rosidl_typesupport_cpp: rosidl_typesupport_fastrtps_cpp;rosidl_typesupport_introspection_cpp
-- Found rmw_implementation_cmake: 6.1.2 (/opt/ros/humble/share/rmw_implementation_cmake/cmake)
-- Found rmw_cyclonedds_cpp: 1.3.4 (/opt/ros/humble/share/rmw_cyclonedds_cpp/cmake)
-- Using RMW implementation 'rmw_cyclonedds_cpp' as default
-- Performing Test CMAKE_HAVE_LIBC_PTHREAD
-- Performing Test CMAKE_HAVE_LIBC_PTHREAD - Success
-- Found Threads: TRUE  
-- Found sensor_msgs: 4.9.0 (/opt/ros/humble/share/sensor_msgs/cmake)
-- Found cv_bridge: 3.2.1 (/opt/ros/humble/share/cv_bridge/cmake)
-- Found ament_lint_auto: 0.12.14 (/opt/ros/humble/share/ament_lint_auto/cmake)
-- Added test 'cppcheck' to perform static code analysis on C / C++ code
-- Configured cppcheck include dirs: /home/wzq/MyProject/realtime_image_service/ros2_ws/src/image_publisher_pkg/include;/home/wzq/MyProject/realtime_image_service/ros2_ws/src/image_publisher_pkg/../../../include
-- Configured cppcheck exclude dirs and/or files: 
-- Added test 'lint_cmake' to check CMake code style
-- Added test 'uncrustify' to check C / C++ code style
-- Configured uncrustify additional arguments: 
-- Added test 'xmllint' to check XML markup files
-- Configuring done (2.5s)
-- Generating done (0.0s)
-- Build files have been written to: /home/wzq/MyProject/realtime_image_service/ros2_ws/build/image_publisher_pkg
[ 14%] [32mBuilding CXX object CMakeFiles/image_file_publisher.dir/src/image_file_publisher.cpp.o[0m
[ 28%] [32mBuilding CXX object CMakeFiles/ros2_tcp_client_node.dir/src/ros2_tcp_client_node.cpp.o[0m
[ 42%] [32mBuilding CXX object CMakeFiles/ros2_tcp_client_node.dir/home/wzq/MyProject/realtime_image_service/src/client/tcp_image_client.cpp.o[0m
[ 57%] [32mBuilding CXX object CMakeFiles/ros2_tcp_client_node.dir/home/wzq/MyProject/realtime_image_service/src/common/image_codec.cpp.o[0m
[ 71%] [32mBuilding CXX object CMakeFiles/ros2_tcp_client_node.dir/home/wzq/MyProject/realtime_image_service/src/common/protocol.cpp.o[0m
[ 85%] [32m[1mLinking CXX executable image_file_publisher[0m
[ 85%] Built target image_file_publisher
[100%] [32m[1mLinking CXX executable ros2_tcp_client_node[0m
[100%] Built target ros2_tcp_client_node
-- Install configuration: ""
-- Execute custom install script
-- Symlinking: /home/wzq/MyProject/realtime_image_service/ros2_ws/install/image_publisher_pkg/lib/image_publisher_pkg/image_file_publisher
-- Symlinking: /home/wzq/MyProject/realtime_image_service/ros2_ws/install/image_publisher_pkg/lib/image_publisher_pkg/ros2_tcp_client_node
