[0.008s] Invoking command in '/home/wzq/MyProject/realtime_image_service/ros2_ws/build/image_publisher_pkg': CMAKE_PREFIX_PATH=/opt/ros/humble /opt/cmake-3.27.9/bin/cmake /home/wzq/MyProject/realtime_image_service/ros2_ws/src/image_publisher_pkg -DAMENT_CMAKE_SYMLINK_INSTALL=1 -DCMAKE_INSTALL_PREFIX=/home/wzq/MyProject/realtime_image_service/ros2_ws/install/image_publisher_pkg
[0.153s] -- The C compiler identification is GNU 11.4.0
[0.741s] -- The CXX compiler identification is GNU 11.4.0
[1.274s] -- Detecting C compiler ABI info
[1.448s] -- Detecting C compiler ABI info - done
[1.454s] -- Check for working C compiler: /usr/bin/cc - skipped
[1.454s] -- Detecting C compile features
[1.454s] -- Detecting C compile features - done
[1.531s] -- Detecting CXX compiler ABI info
[1.713s] -- Detecting CXX compiler ABI info - done
[1.720s] -- Check for working CXX compiler: /usr/bin/c++ - skipped
[1.720s] -- Detecting CXX compile features
[1.720s] -- Detecting CXX compile features - done
[1.722s] -- Found ament_cmake: 1.3.12 (/opt/ros/humble/share/ament_cmake/cmake)
[1.799s] -- Found Python3: /usr/bin/python3 (found version "3.10.12") found components: Interpreter 
[1.842s] -- Override CMake install command with custom implementation using symlinks instead of copying resources
[1.865s] -- Found rclcpp: 16.0.17 (/opt/ros/humble/share/rclcpp/cmake)
[2.019s] -- Found rosidl_generator_c: 3.1.8 (/opt/ros/humble/share/rosidl_generator_c/cmake)
[2.023s] -- Found rosidl_adapter: 3.1.8 (/opt/ros/humble/share/rosidl_adapter/cmake)
[2.030s] -- Found rosidl_generator_cpp: 3.1.8 (/opt/ros/humble/share/rosidl_generator_cpp/cmake)
[2.039s] -- Using all available rosidl_typesupport_c: rosidl_typesupport_fastrtps_c;rosidl_typesupport_introspection_c
[2.053s] -- Using all available rosidl_typesupport_cpp: rosidl_typesupport_fastrtps_cpp;rosidl_typesupport_introspection_cpp
[2.092s] -- Found rmw_implementation_cmake: 6.1.2 (/opt/ros/humble/share/rmw_implementation_cmake/cmake)
[2.094s] -- Found rmw_cyclonedds_cpp: 1.3.4 (/opt/ros/humble/share/rmw_cyclonedds_cpp/cmake)
[2.111s] -- Using RMW implementation 'rmw_cyclonedds_cpp' as default
[2.153s] -- Performing Test CMAKE_HAVE_LIBC_PTHREAD
[2.315s] -- Performing Test CMAKE_HAVE_LIBC_PTHREAD - Success
[2.316s] -- Found Threads: TRUE  
[2.377s] -- Found sensor_msgs: 4.9.0 (/opt/ros/humble/share/sensor_msgs/cmake)
[2.404s] -- Found cv_bridge: 3.2.1 (/opt/ros/humble/share/cv_bridge/cmake)
[2.435s] -- Found ament_lint_auto: 0.12.14 (/opt/ros/humble/share/ament_lint_auto/cmake)
[2.488s] -- Added test 'cppcheck' to perform static code analysis on C / C++ code
[2.488s] -- Configured cppcheck include dirs: /home/wzq/MyProject/realtime_image_service/ros2_ws/src/image_publisher_pkg/include;/home/wzq/MyProject/realtime_image_service/ros2_ws/src/image_publisher_pkg/../../../include
[2.488s] -- Configured cppcheck exclude dirs and/or files: 
[2.488s] -- Added test 'lint_cmake' to check CMake code style
[2.489s] -- Added test 'uncrustify' to check C / C++ code style
[2.489s] -- Configured uncrustify additional arguments: 
[2.490s] -- Added test 'xmllint' to check XML markup files
[2.491s] -- Configuring done (2.5s)
[2.505s] -- Generating done (0.0s)
[2.509s] -- Build files have been written to: /home/wzq/MyProject/realtime_image_service/ros2_ws/build/image_publisher_pkg
[2.515s] Invoked command in '/home/wzq/MyProject/realtime_image_service/ros2_ws/build/image_publisher_pkg' returned '0': CMAKE_PREFIX_PATH=/opt/ros/humble /opt/cmake-3.27.9/bin/cmake /home/wzq/MyProject/realtime_image_service/ros2_ws/src/image_publisher_pkg -DAMENT_CMAKE_SYMLINK_INSTALL=1 -DCMAKE_INSTALL_PREFIX=/home/wzq/MyProject/realtime_image_service/ros2_ws/install/image_publisher_pkg
[2.518s] Invoking command in '/home/wzq/MyProject/realtime_image_service/ros2_ws/build/image_publisher_pkg': CMAKE_PREFIX_PATH=/opt/ros/humble /opt/cmake-3.27.9/bin/cmake --build /home/wzq/MyProject/realtime_image_service/ros2_ws/build/image_publisher_pkg -- -j8 -l8
[2.531s] [ 14%] [32mBuilding CXX object CMakeFiles/image_file_publisher.dir/src/image_file_publisher.cpp.o[0m
[2.531s] [ 28%] [32mBuilding CXX object CMakeFiles/ros2_tcp_client_node.dir/src/ros2_tcp_client_node.cpp.o[0m
[2.531s] [ 42%] [32mBuilding CXX object CMakeFiles/ros2_tcp_client_node.dir/home/wzq/MyProject/realtime_image_service/src/client/tcp_image_client.cpp.o[0m
[2.531s] [ 57%] [32mBuilding CXX object CMakeFiles/ros2_tcp_client_node.dir/home/wzq/MyProject/realtime_image_service/src/common/image_codec.cpp.o[0m
[2.531s] [ 71%] [32mBuilding CXX object CMakeFiles/ros2_tcp_client_node.dir/home/wzq/MyProject/realtime_image_service/src/common/protocol.cpp.o[0m
[3.659s] [01m[K/home/wzq/MyProject/realtime_image_service/src/client/tcp_image_client.cpp:25:10:[m[K [01;35m[Kwarning: [m[K‘[01m[Kbool ris::{anonymous}::WaitFdReady(int, short int, int, std::string*)[m[K’ defined but not used [[01;35m[K]8;;https://gcc.gnu.org/onlinedocs/gcc/Warning-Options.html#index-Wunused-function-Wunused-function]8;;[m[K]
[3.659s]    25 |     bool [01;35m[KWaitFdReady[m[K(int fd, short events, int timeout_ms, std::string* error_message)
[3.659s]       |          [01;35m[K^~~~~~~~~~~[m[K
[6.498s] [ 85%] [32m[1mLinking CXX executable image_file_publisher[0m
[6.926s] [ 85%] Built target image_file_publisher
[8.904s] [100%] [32m[1mLinking CXX executable ros2_tcp_client_node[0m
[9.318s] [100%] Built target ros2_tcp_client_node
[9.325s] Invoked command in '/home/wzq/MyProject/realtime_image_service/ros2_ws/build/image_publisher_pkg' returned '0': CMAKE_PREFIX_PATH=/opt/ros/humble /opt/cmake-3.27.9/bin/cmake --build /home/wzq/MyProject/realtime_image_service/ros2_ws/build/image_publisher_pkg -- -j8 -l8
[9.329s] Invoking command in '/home/wzq/MyProject/realtime_image_service/ros2_ws/build/image_publisher_pkg': CMAKE_PREFIX_PATH=/opt/ros/humble /opt/cmake-3.27.9/bin/cmake --install /home/wzq/MyProject/realtime_image_service/ros2_ws/build/image_publisher_pkg
[9.330s] -- Install configuration: ""
[9.330s] -- Execute custom install script
[9.331s] -- Symlinking: /home/wzq/MyProject/realtime_image_service/ros2_ws/install/image_publisher_pkg/lib/image_publisher_pkg/image_file_publisher
[9.332s] -- Symlinking: /home/wzq/MyProject/realtime_image_service/ros2_ws/install/image_publisher_pkg/lib/image_publisher_pkg/ros2_tcp_client_node
[9.334s] [31mCMake Error at ament_cmake_symlink_install/ament_cmake_symlink_install.cmake:100 (message):
[9.334s]   ament_cmake_symlink_install_directory() can't find
[9.334s]   '/home/wzq/MyProject/realtime_image_service/ros2_ws/src/image_publisher_pkg/launch'
[9.334s] Call Stack (most recent call first):
[9.334s]   ament_cmake_symlink_install/ament_cmake_symlink_install.cmake:317 (ament_cmake_symlink_install_directory)
[9.335s]   cmake_install.cmake:46 (include)
[9.336s] 
[9.336s] [0m
[9.337s] Invoked command in '/home/wzq/MyProject/realtime_image_service/ros2_ws/build/image_publisher_pkg' returned '1': CMAKE_PREFIX_PATH=/opt/ros/humble /opt/cmake-3.27.9/bin/cmake --install /home/wzq/MyProject/realtime_image_service/ros2_ws/build/image_publisher_pkg
