[0.009s] Invoking command in '/home/wzq/MyProject/realtime_image_service/ros2_ws/build/image_publisher_pkg': CMAKE_PREFIX_PATH=${CMAKE_PREFIX_PATH}:/opt/ros/humble CONDA_PROMPT_MODIFIER=(base) /opt/cmake-3.27.9/bin/cmake --build /home/wzq/MyProject/realtime_image_service/ros2_ws/build/image_publisher_pkg -- -j8 -l8
[0.025s] [ 28%] Built target image_file_publisher
[0.026s] [100%] Built target ros2_tcp_client_node
[0.029s] Invoked command in '/home/wzq/MyProject/realtime_image_service/ros2_ws/build/image_publisher_pkg' returned '0': CMAKE_PREFIX_PATH=${CMAKE_PREFIX_PATH}:/opt/ros/humble CONDA_PROMPT_MODIFIER=(base) /opt/cmake-3.27.9/bin/cmake --build /home/wzq/MyProject/realtime_image_service/ros2_ws/build/image_publisher_pkg -- -j8 -l8
[0.032s] Invoking command in '/home/wzq/MyProject/realtime_image_service/ros2_ws/build/image_publisher_pkg': CMAKE_PREFIX_PATH=${CMAKE_PREFIX_PATH}:/opt/ros/humble CONDA_PROMPT_MODIFIER=(base) /opt/cmake-3.27.9/bin/cmake --install /home/wzq/MyProject/realtime_image_service/ros2_ws/build/image_publisher_pkg
[0.033s] -- Install configuration: ""
[0.033s] -- Up-to-date: /home/wzq/MyProject/realtime_image_service/ros2_ws/install/image_publisher_pkg/lib/image_publisher_pkg/image_file_publisher
[0.033s] -- Up-to-date: /home/wzq/MyProject/realtime_image_service/ros2_ws/install/image_publisher_pkg/lib/image_publisher_pkg/ros2_tcp_client_node
[0.034s] -- Up-to-date: /home/wzq/MyProject/realtime_image_service/ros2_ws/install/image_publisher_pkg/share/image_publisher_pkg/launch
[0.034s] -- Up-to-date: /home/wzq/MyProject/realtime_image_service/ros2_ws/install/image_publisher_pkg/share/image_publisher_pkg/launch/image_pipeline_launch.py
[0.034s] -- Up-to-date: /home/wzq/MyProject/realtime_image_service/ros2_ws/install/image_publisher_pkg/share/image_publisher_pkg/launch/__pycache__
[0.034s] -- Up-to-date: /home/wzq/MyProject/realtime_image_service/ros2_ws/install/image_publisher_pkg/share/image_publisher_pkg/launch/__pycache__/image_pipeline_launch.cpython-313.pyc
[0.034s] -- Up-to-date: /home/wzq/MyProject/realtime_image_service/ros2_ws/install/image_publisher_pkg/share/image_publisher_pkg/launch/__pycache__/image_pipeline_launch.cpython-310.pyc
[0.034s] -- Up-to-date: /home/wzq/MyProject/realtime_image_service/ros2_ws/install/image_publisher_pkg/share/ament_index/resource_index/package_run_dependencies/image_publisher_pkg
[0.035s] -- Up-to-date: /home/wzq/MyProject/realtime_image_service/ros2_ws/install/image_publisher_pkg/share/ament_index/resource_index/parent_prefix_path/image_publisher_pkg
[0.035s] -- Up-to-date: /home/wzq/MyProject/realtime_image_service/ros2_ws/install/image_publisher_pkg/share/image_publisher_pkg/environment/ament_prefix_path.sh
[0.035s] -- Up-to-date: /home/wzq/MyProject/realtime_image_service/ros2_ws/install/image_publisher_pkg/share/image_publisher_pkg/environment/ament_prefix_path.dsv
[0.036s] -- Up-to-date: /home/wzq/MyProject/realtime_image_service/ros2_ws/install/image_publisher_pkg/share/image_publisher_pkg/environment/path.sh
[0.036s] -- Up-to-date: /home/wzq/MyProject/realtime_image_service/ros2_ws/install/image_publisher_pkg/share/image_publisher_pkg/environment/path.dsv
[0.036s] -- Up-to-date: /home/wzq/MyProject/realtime_image_service/ros2_ws/install/image_publisher_pkg/share/image_publisher_pkg/local_setup.bash
[0.036s] -- Up-to-date: /home/wzq/MyProject/realtime_image_service/ros2_ws/install/image_publisher_pkg/share/image_publisher_pkg/local_setup.sh
[0.037s] -- Up-to-date: /home/wzq/MyProject/realtime_image_service/ros2_ws/install/image_publisher_pkg/share/image_publisher_pkg/local_setup.zsh
[0.037s] -- Up-to-date: /home/wzq/MyProject/realtime_image_service/ros2_ws/install/image_publisher_pkg/share/image_publisher_pkg/local_setup.dsv
[0.037s] -- Installing: /home/wzq/MyProject/realtime_image_service/ros2_ws/install/image_publisher_pkg/share/image_publisher_pkg/package.dsv
[0.037s] -- Up-to-date: /home/wzq/MyProject/realtime_image_service/ros2_ws/install/image_publisher_pkg/share/ament_index/resource_index/packages/image_publisher_pkg
[0.037s] -- Up-to-date: /home/wzq/MyProject/realtime_image_service/ros2_ws/install/image_publisher_pkg/share/image_publisher_pkg/cmake/image_publisher_pkgConfig.cmake
[0.037s] -- Up-to-date: /home/wzq/MyProject/realtime_image_service/ros2_ws/install/image_publisher_pkg/share/image_publisher_pkg/cmake/image_publisher_pkgConfig-version.cmake
[0.038s] -- Up-to-date: /home/wzq/MyProject/realtime_image_service/ros2_ws/install/image_publisher_pkg/share/image_publisher_pkg/package.xml
[0.038s] Invoked command in '/home/wzq/MyProject/realtime_image_service/ros2_ws/build/image_publisher_pkg' returned '0': CMAKE_PREFIX_PATH=${CMAKE_PREFIX_PATH}:/opt/ros/humble CONDA_PROMPT_MODIFIER=(base) /opt/cmake-3.27.9/bin/cmake --install /home/wzq/MyProject/realtime_image_service/ros2_ws/build/image_publisher_pkg
